<?xml version="1.0" encoding="UTF-8"?>
<phpunit bootstrap="vendor/autoload.php"
         colors="true"
         stopOnFailure="false">
    <logging>
        <log type="junit" target="tests/junit-report.xml"/>  <!-- Assicurati che il target sia corretto -->
    </logging>
    <!-- Altre configurazioni -->
</phpunit>